{"detail":"Not Found"}
{"detail":"Not Found"}
